Archive member included to satisfy reference by file (symbol)

CORE\libCORE_LIB.a(stratup.c.obj)
                              (Reset_Handler)
CORE\libCORE_LIB.a(system_stm32f4xx.c.obj)
                              CORE\libCORE_LIB.a(stratup.c.obj) (SystemInit)
BSP\libBSP_LIB.a(usart.c.obj)
                              CMakeFiles/OS.elf.dir/User/main.c.obj (bsp_usart_1_inti)
BSP\libBSP_LIB.a(gpio.c.obj)  BSP\libBSP_LIB.a(usart.c.obj) (bsp_gpio_init)
BSP\libBSP_LIB.a(stm32f4xx_gpio.c.obj)
                              BSP\libBSP_LIB.a(usart.c.obj) (GPIO_Init)
BSP\libBSP_LIB.a(stm32f4xx_rcc.c.obj)
                              BSP\libBSP_LIB.a(stm32f4xx_gpio.c.obj) (RCC_AHB1PeriphResetCmd)
C:/PROGRA~2/ARMGNU~1/133167~1.3RE/bin/../lib/gcc/arm-none-eabi/13.3.1/thumb/v7e-m/nofp\libgcc.a(_arm_mulsf3.o)
                              BSP\libBSP_LIB.a(usart.c.obj) (__aeabi_fmul)
C:/PROGRA~2/ARMGNU~1/133167~1.3RE/bin/../lib/gcc/arm-none-eabi/13.3.1/thumb/v7e-m/nofp\libgcc.a(_arm_addsubsf3.o)
                              BSP\libBSP_LIB.a(usart.c.obj) (__aeabi_fsub)
C:/PROGRA~2/ARMGNU~1/133167~1.3RE/bin/../lib/gcc/arm-none-eabi/13.3.1/thumb/v7e-m/nofp\libgcc.a(_arm_muldivsf3.o)
                              BSP\libBSP_LIB.a(usart.c.obj) (__aeabi_fdiv)
C:/PROGRA~2/ARMGNU~1/133167~1.3RE/bin/../lib/gcc/arm-none-eabi/13.3.1/thumb/v7e-m/nofp\libgcc.a(_arm_fixunssfsi.o)
                              BSP\libBSP_LIB.a(usart.c.obj) (__aeabi_f2uiz)
C:/PROGRA~2/ARMGNU~1/133167~1.3RE/bin/../lib/gcc/arm-none-eabi/13.3.1/thumb/v7e-m/nofp\libg.a(libc_a-exit.o)
                              C:/PROGRA~2/ARMGNU~1/133167~1.3RE/bin/../lib/gcc/arm-none-eabi/13.3.1/thumb/v7e-m/nofp/crt0.o (exit)
C:/PROGRA~2/ARMGNU~1/133167~1.3RE/bin/../lib/gcc/arm-none-eabi/13.3.1/thumb/v7e-m/nofp\libg.a(libc_a-findfp.o)
                              C:/PROGRA~2/ARMGNU~1/133167~1.3RE/bin/../lib/gcc/arm-none-eabi/13.3.1/thumb/v7e-m/nofp\libg.a(libc_a-exit.o) (__stdio_exit_handler)
C:/PROGRA~2/ARMGNU~1/133167~1.3RE/bin/../lib/gcc/arm-none-eabi/13.3.1/thumb/v7e-m/nofp\libg.a(libc_a-fwalk.o)
                              C:/PROGRA~2/ARMGNU~1/133167~1.3RE/bin/../lib/gcc/arm-none-eabi/13.3.1/thumb/v7e-m/nofp\libg.a(libc_a-findfp.o) (_fwalk_sglue)
C:/PROGRA~2/ARMGNU~1/133167~1.3RE/bin/../lib/gcc/arm-none-eabi/13.3.1/thumb/v7e-m/nofp\libg.a(libc_a-puts.o)
                              CMakeFiles/OS.elf.dir/User/main.c.obj (puts)
C:/PROGRA~2/ARMGNU~1/133167~1.3RE/bin/../lib/gcc/arm-none-eabi/13.3.1/thumb/v7e-m/nofp\libg.a(libc_a-stdio.o)
                              C:/PROGRA~2/ARMGNU~1/133167~1.3RE/bin/../lib/gcc/arm-none-eabi/13.3.1/thumb/v7e-m/nofp\libg.a(libc_a-findfp.o) (__sread)
C:/PROGRA~2/ARMGNU~1/133167~1.3RE/bin/../lib/gcc/arm-none-eabi/13.3.1/thumb/v7e-m/nofp\libg.a(libc_a-memset.o)
                              C:/PROGRA~2/ARMGNU~1/133167~1.3RE/bin/../lib/gcc/arm-none-eabi/13.3.1/thumb/v7e-m/nofp/crt0.o (memset)
C:/PROGRA~2/ARMGNU~1/133167~1.3RE/bin/../lib/gcc/arm-none-eabi/13.3.1/thumb/v7e-m/nofp\libg.a(libc_a-closer.o)
                              C:/PROGRA~2/ARMGNU~1/133167~1.3RE/bin/../lib/gcc/arm-none-eabi/13.3.1/thumb/v7e-m/nofp\libg.a(libc_a-stdio.o) (_close_r)
C:/PROGRA~2/ARMGNU~1/133167~1.3RE/bin/../lib/gcc/arm-none-eabi/13.3.1/thumb/v7e-m/nofp\libg.a(libc_a-reent.o)
                              C:/PROGRA~2/ARMGNU~1/133167~1.3RE/bin/../lib/gcc/arm-none-eabi/13.3.1/thumb/v7e-m/nofp\libg.a(libc_a-closer.o) (errno)
C:/PROGRA~2/ARMGNU~1/133167~1.3RE/bin/../lib/gcc/arm-none-eabi/13.3.1/thumb/v7e-m/nofp\libg.a(libc_a-impure.o)
                              C:/PROGRA~2/ARMGNU~1/133167~1.3RE/bin/../lib/gcc/arm-none-eabi/13.3.1/thumb/v7e-m/nofp\libg.a(libc_a-puts.o) (_impure_ptr)
C:/PROGRA~2/ARMGNU~1/133167~1.3RE/bin/../lib/gcc/arm-none-eabi/13.3.1/thumb/v7e-m/nofp\libg.a(libc_a-lseekr.o)
                              C:/PROGRA~2/ARMGNU~1/133167~1.3RE/bin/../lib/gcc/arm-none-eabi/13.3.1/thumb/v7e-m/nofp\libg.a(libc_a-stdio.o) (_lseek_r)
C:/PROGRA~2/ARMGNU~1/133167~1.3RE/bin/../lib/gcc/arm-none-eabi/13.3.1/thumb/v7e-m/nofp\libg.a(libc_a-readr.o)
                              C:/PROGRA~2/ARMGNU~1/133167~1.3RE/bin/../lib/gcc/arm-none-eabi/13.3.1/thumb/v7e-m/nofp\libg.a(libc_a-stdio.o) (_read_r)
C:/PROGRA~2/ARMGNU~1/133167~1.3RE/bin/../lib/gcc/arm-none-eabi/13.3.1/thumb/v7e-m/nofp\libg.a(libc_a-writer.o)
                              C:/PROGRA~2/ARMGNU~1/133167~1.3RE/bin/../lib/gcc/arm-none-eabi/13.3.1/thumb/v7e-m/nofp\libg.a(libc_a-stdio.o) (_write_r)
C:/PROGRA~2/ARMGNU~1/133167~1.3RE/bin/../lib/gcc/arm-none-eabi/13.3.1/thumb/v7e-m/nofp\libg.a(libc_a-init.o)
                              C:/PROGRA~2/ARMGNU~1/133167~1.3RE/bin/../lib/gcc/arm-none-eabi/13.3.1/thumb/v7e-m/nofp/crt0.o (__libc_init_array)
C:/PROGRA~2/ARMGNU~1/133167~1.3RE/bin/../lib/gcc/arm-none-eabi/13.3.1/thumb/v7e-m/nofp\libg.a(libc_a-lock.o)
[...]
Memory Configuration

Name             Origin             Length             Attributes
RAM              0x20000000         0x00030000         xrw
CCMRAM           0x10000000         0x00010000         xrw
FLASH            0x08000000         0x00100000         xr
EXTSDRAM         0xc0000000         0x02000000         xrw
*default*        0x00000000         0xffffffff

Linker script and memory map

LOAD C:/PROGRA~2/ARMGNU~1/133167~1.3RE/bin/../lib/gcc/arm-none-eabi/13.3.1/thumb/v7e-m/nofp/crti.o
LOAD C:/PROGRA~2/ARMGNU~1/133167~1.3RE/bin/../lib/gcc/arm-none-eabi/13.3.1/thumb/v7e-m/nofp/crtbegin.o
LOAD C:/PROGRA~2/ARMGNU~1/133167~1.3RE/bin/../lib/gcc/arm-none-eabi/13.3.1/thumb/v7e-m/nofp/crt0.o
LOAD CMakeFiles/OS.elf.dir/User/main.c.obj
LOAD CORE\libCORE_LIB.a
LOAD User\libUser_LIB.a
LOAD Source\libSource_LIB.a
LOAD BSP\libBSP_LIB.a
LOAD BSP\gpio\libgpio_LIB.a
LOAD BSP\i2c\libi2c_LIB.a
LOAD BSP\spi\libspi_LIB.a
LOAD BSP\usart\libusart_LIB.a
START GROUP
LOAD C:/PROGRA~2/ARMGNU~1/133167~1.3RE/bin/../lib/gcc/arm-none-eabi/13.3.1/thumb/v7e-m/nofp\libgcc.a
LOAD C:/PROGRA~2/ARMGNU~1/133167~1.3RE/bin/../lib/gcc/arm-none-eabi/13.3.1/thumb/v7e-m/nofp\libg.a
LOAD C:/PROGRA~2/ARMGNU~1/133167~1.3RE/bin/../lib/gcc/arm-none-eabi/13.3.1/thumb/v7e-m/nofp\libc.a
END GROUP
START GROUP
LOAD C:/PROGRA~2/ARMGNU~1/133167~1.3RE/bin/../lib/gcc/arm-none-eabi/13.3.1/thumb/v7e-m/nofp\libgcc.a
LOAD C:/PROGRA~2/ARMGNU~1/133167~1.3RE/bin/../lib/gcc/arm-none-eabi/13.3.1/thumb/v7e-m/nofp\libc.a
LOAD C:/PROGRA~2/ARMGNU~1/133167~1.3RE/bin/../lib/gcc/arm-none-eabi/13.3.1/thumb/v7e-m/nofp\libnosys.a
END GROUP
LOAD C:/PROGRA~2/ARMGNU~1/133167~1.3RE/bin/../lib/gcc/arm-none-eabi/13.3.1/thumb/v7e-m/nofp/crtend.o
LOAD C:/PROGRA~2/ARMGNU~1/133167~1.3RE/bin/../lib/gcc/arm-none-eabi/13.3.1/thumb/v7e-m/nofp/crtn.o
                0x20030000                        _estack = (ORIGIN (RAM) + LENGTH (RAM))
                0x00000400                        _Min_Heap_Size = 0x400
                0x00001400                        _Min_Stack_Size = 0x1400

.isr_vector     0x08000000      0x1ac
                0x08000000                        . = ALIGN (0x4)
 *(.isr_vector)
 .isr_vector    0x08000000      0x1ac CORE\libCORE_LIB.a(stratup.c.obj)
                0x08000000                g_pfnVectors
                0x080001ac                        . = ALIGN (0x4)

.text           0x080001c0     0x25e0
                0x080001c0                        . = ALIGN (0x4)
 *(.text)
 .text          0x080001c0      0x21c C:/PROGRA~2/ARMGNU~1/133167~1.3RE/bin/../lib/gcc/arm-none-eabi/13.3.1/thumb/v7e-m/nofp\libgcc.a(_arm_addsubsf3.o)
                0x080001c0                __aeabi_frsub
                0x080001c8                __subsf3
                0x080001c8                __aeabi_fsub
                0x080001cc                __aeabi_fadd
                0x080001cc                __addsf3
                0x0800032c                __aeabi_ui2f
                0x0800032c                __floatunsisf
                0x08000334                __aeabi_i2f
                0x08000334                __floatsisf
                0x08000350                __aeabi_ul2f
                0x08000350                __floatundisf
                0x08000360                __aeabi_l2f
                0x08000360                __floatdisf
 .text          0x080003dc      0x2a0 C:/PROGRA~2/ARMGNU~1/133167~1.3RE/bin/../lib/gcc/arm-none-eabi/13.3.1/thumb/v7e-m/nofp\libgcc.a(_arm_muldivsf3.o)
                0x080003dc                __mulsf3
                0x080003dc                __aeabi_fmul
                0x08000544                __aeabi_fdiv
                0x08000544                __divsf3
 .text          0x0800067c       0x40 C:/PROGRA~2/ARMGNU~1/133167~1.3RE/bin/../lib/gcc/arm-none-eabi/13.3.1/thumb/v7e-m/nofp\libgcc.a(_arm_fixunssfsi.o)
                0x0800067c                __fixunssfsi
                0x0800067c                __aeabi_f2uiz
 *fill*         0x080006bc        0x4 
 .text          0x080006c0       0xd8 C:/PROGRA~2/ARMGNU~1/133167~1.3RE/bin/../lib/gcc/arm-none-eabi/13.3.1/thumb/v7e-m/nofp\libg.a(libc_a-strlen.o)
                0x080006c0                strlen
 *fill*         0x08000798        0x8 
 .text          0x080007a0       0xa0 C:/PROGRA~2/ARMGNU~1/133167~1.3RE/bin/../lib/gcc/arm-none-eabi/13.3.1/thumb/v7e-m/nofp\libg.a(libc_a-memchr.o)
                0x080007a0                memchr
 .text          0x08000840      0x134 C:/PROGRA~2/ARMGNU~1/133167~1.3RE/bin/../lib/gcc/arm-none-eabi/13.3.1/thumb/v7e-m/nofp\libg.a(libc_a-memcpy.o)
                0x08000840                memcpy
 *(.text*)
 .text.deregister_tm_clones
                0x08000974       0x1c C:/PROGRA~2/ARMGNU~1/133167~1.3RE/bin/../lib/gcc/arm-none-eabi/13.3.1/thumb/v7e-m/nofp/crtbegin.o
 .text.register_tm_clones
                0x08000990       0x24 C:/PROGRA~2/ARMGNU~1/133167~1.3RE/bin/../lib/gcc/arm-none-eabi/13.3.1/thumb/v7e-m/nofp/crtbegin.o
 .text.__do_global_dtors_aux
                0x080009b4       0x28 C:/PROGRA~2/ARMGNU~1/133167~1.3RE/bin/../lib/gcc/arm-none-eabi/13.3.1/thumb/v7e-m/nofp/crtbegin.o
 .text.frame_dummy
                0x080009dc       0x24 C:/PROGRA~2/ARMGNU~1/133167~1.3RE/bin/../lib/gcc/arm-none-eabi/13.3.1/thumb/v7e-m/nofp/crtbegin.o
 .text.main     0x08000a00       0x18 CMakeFiles/OS.elf.dir/User/main.c.obj
                0x08000a00                main
 .text.Default_Handler
                0x08000a18        0x2 CORE\libCORE_LIB.a(stratup.c.obj)
                0x08000a18                RTC_Alarm_IRQHandler
                0x08000a18                HASH_RNG_IRQHandler
                0x08000a18                EXTI2_IRQHandler
                0x08000a18                TIM8_CC_IRQHandler
                0x08000a18                DebugMon_Handler
                0x08000a18                UART8_IRQHandler
                0x08000a18                SPI4_IRQHandler
                0x08000a18                TIM1_CC_IRQHandler
                0x08000a18                DMA2_Stream5_IRQHandler
                0x08000a18                HardFault_Handler
                0x08000a18                DMA1_Stream5_IRQHandler
                0x08000a18                SysTick_Handler
                0x08000a18                PVD_IRQHandler
                0x08000a18                SDIO_IRQHandler
                0x08000a18                TAMP_STAMP_IRQHandler
                0x08000a18                PendSV_Handler
                0x08000a18                NMI_Handler
                0x08000a18                CAN2_RX1_IRQHandler
                0x08000a18                EXTI3_IRQHandler
                0x08000a18                TIM8_TRG_COM_TIM14_IRQHandler
                0x08000a18                TIM1_UP_TIM10_IRQHandler
                0x08000a18                TIM8_UP_TIM13_IRQHandler
                0x08000a18                I2C3_ER_IRQHandler
                0x08000a18                EXTI0_IRQHandler
                0x08000a18                I2C2_EV_IRQHandler
                0x08000a18                DMA1_Stream2_IRQHandler
                0x08000a18                CAN1_RX0_IRQHandler
                0x08000a18                FPU_IRQHandler
                0x08000a18                OTG_HS_WKUP_IRQHandler
                0x08000a18                UsageFault_Handler
                0x08000a18                LTDC_ER_IRQHandler
                0x08000a18                CAN2_SCE_IRQHandler
                0x08000a18                DMA2_Stream2_IRQHandler
                0x08000a18                SPI1_IRQHandler
                0x08000a18                TIM6_DAC_IRQHandler
                0x08000a18                TIM1_BRK_TIM9_IRQHandler
                0x08000a18                DCMI_IRQHandler
                0x08000a18                CAN2_RX0_IRQHandler
                0x08000a18                DMA2_Stream3_IRQHandler
                0x08000a18                USART6_IRQHandler
                0x08000a18                USART3_IRQHandler
                0x08000a18                CAN1_RX1_IRQHandler
                0x08000a18                DMA2_Stream0_IRQHandler
                0x08000a18                TIM4_IRQHandler
                0x08000a18                I2C1_EV_IRQHandler
                0x08000a18                DMA1_Stream6_IRQHandler
                0x08000a18                DMA1_Stream1_IRQHandler
                0x08000a18                TIM3_IRQHandler
                0x08000a18                RCC_IRQHandler
                0x08000a18                TIM8_BRK_TIM12_IRQHandler
                0x08000a18                Default_Handler
                0x08000a18                EXTI15_10_IRQHandler
                0x08000a18                ADC_IRQHandler
                0x08000a18                DMA1_Stream7_IRQHandler
                0x08000a18                SPI5_IRQHandler
                0x08000a18                TIM7_IRQHandler
                0x08000a18                CAN2_TX_IRQHandler
                0x08000a18                TIM5_IRQHandler
                0x08000a18                DMA2_Stream7_IRQHandler
                0x08000a18                I2C3_EV_IRQHandler
                0x08000a18                EXTI9_5_IRQHandler
                0x08000a18                RTC_WKUP_IRQHandler
                0x08000a18                LTDC_IRQHandler
                0x08000a18                ETH_WKUP_IRQHandler
                0x08000a18                SPI2_IRQHandler
                0x08000a18                OTG_HS_EP1_IN_IRQHandler
                0x08000a18                MemManage_Handler
                0x08000a18                DMA1_Stream0_IRQHandler
                0x08000a18                CAN1_TX_IRQHandler
                0x08000a18                SVC_Handler
                0x08000a18                EXTI4_IRQHandler
                0x08000a18                ETH_IRQHandler
                0x08000a18                OTG_HS_EP1_OUT_IRQHandler
                0x08000a18                WWDG_IRQHandler
                0x08000a18                SPI6_IRQHandler
                0x08000a18                TIM2_IRQHandler
                0x08000a18                OTG_FS_WKUP_IRQHandler
                0x08000a18                TIM1_TRG_COM_TIM11_IRQHandler
                0x08000a18                OTG_HS_IRQHandler
                0x08000a18                DMA2D_IRQHandler
                0x08000a18                EXTI1_IRQHandler
                0x08000a18                UART7_IRQHandler
                0x08000a18                USART2_IRQHandler
                0x08000a18                I2C2_ER_IRQHandler
                0x08000a18                DMA2_Stream1_IRQHandler
                0x08000a18                CAN1_SCE_IRQHandler
                0x08000a18                FLASH_IRQHandler
                0x08000a18                DMA2_Stream4_IRQHandler
                0x08000a18                BusFault_Handler
                0x08000a18                USART1_IRQHandler
                0x08000a18                OTG_FS_IRQHandler
                0x08000a18                SPI3_IRQHandler
                0x08000a18                DMA1_Stream4_IRQHandler
                0x08000a18                I2C1_ER_IRQHandler
                0x08000a18                FMC_IRQHandler
                0x08000a18                DMA2_Stream6_IRQHandler
                0x08000a18                SAI1_IRQHandler
                0x08000a18                DMA1_Stream3_IRQHandler
 *fill*         0x08000a1a        0x2 
 .text.Reset_Handler
                0x08000a1c       0x48 CORE\libCORE_LIB.a(stratup.c.obj)
                0x08000a1c                Reset_Handler
 .text.SetSysClock
                0x08000a64       0xec CORE\libCORE_LIB.a(system_stm32f4xx.c.obj)
 .text.SystemInit
                0x08000b50       0x44 CORE\libCORE_LIB.a(system_stm32f4xx.c.obj)
                0x08000b50                SystemInit
 .text.bsp_usart_1_inti
                0x08000b94       0xfc BSP\libBSP_LIB.a(usart.c.obj)
                0x08000b94                bsp_usart_1_inti
 .text.UART4_IRQHandler
                0x08000c90        0xc BSP\libBSP_LIB.a(usart.c.obj)
                0x08000c90                UART4_IRQHandler
 .text.UART5_IRQHandler
                0x08000c9c        0xc BSP\libBSP_LIB.a(usart.c.obj)
                0x08000c9c                UART5_IRQHandler
 .text.bsp_gpio_init
                0x08000ca8       0x8c BSP\libBSP_LIB.a(gpio.c.obj)
                0x08000ca8                bsp_gpio_init
 .text.bsp_gpio_af_set
                0x08000d34       0x66 BSP\libBSP_LIB.a(gpio.c.obj)
                0x08000d34                bsp_gpio_af_set
 *fill*         0x08000d9a        0x2 
 .text.stdio_exit_handler
                0x08000d9c       0x18 C:/PROGRA~2/ARMGNU~1/133167~1.3RE/bin/../lib/gcc/arm-none-eabi/13.3.1/thumb/v7e-m/nofp\libg.a(libc_a-findfp.o)
 .text.cleanup_stdio
                0x08000db4       0x40 C:/PROGRA~2/ARMGNU~1/133167~1.3RE/bin/../lib/gcc/arm-none-eabi/13.3.1/thumb/v7e-m/nofp\libg.a(libc_a-findfp.o)
 .text.global_stdio_init.part.0
                0x08000df4       0xf0 C:/PROGRA~2/ARMGNU~1/133167~1.3RE/bin/../lib/gcc/arm-none-eabi/13.3.1/thumb/v7e-m/nofp\libg.a(libc_a-findfp.o)
 .text.__sinit  0x08000ee4       0x3c C:/PROGRA~2/ARMGNU~1/133167~1.3RE/bin/../lib/gcc/arm-none-eabi/13.3.1/thumb/v7e-m/nofp\libg.a(libc_a-findfp.o)
                0x08000ee4                __sinit
 .text.__sfp_lock_acquire
                0x08000f20        0xc C:/PROGRA~2/ARMGNU~1/133167~1.3RE/bin/../lib/gcc/arm-none-eabi/13.3.1/thumb/v7e-m/nofp\libg.a(libc_a-findfp.o)
                0x08000f20                __sfp_lock_acquire
 .text.__sfp_lock_release
                0x08000f2c        0xc C:/PROGRA~2/ARMGNU~1/133167~1.3RE/bin/../lib/gcc/arm-none-eabi/13.3.1/thumb/v7e-m/nofp\libg.a(libc_a-findfp.o)
                0x08000f2c                __sfp_lock_release
 .text._fwalk_sglue
                0x08000f38       0x44 C:/PROGRA~2/ARMGNU~1/133167~1.3RE/bin/../lib/gcc/arm-none-eabi/13.3.1/thumb/v7e-m/nofp\libg.a(libc_a-fwalk.o)
                0x08000f38                _fwalk_sglue
 .text._puts_r  0x08000f7c       0x9c C:/PROGRA~2/ARMGNU~1/133167~1.3RE/bin/../lib/gcc/arm-none-eabi/13.3.1/thumb/v7e-m/nofp\libg.a(libc_a-puts.o)
                0x08000f7c                _puts_r
 .text.puts     0x08001018       0x10 C:/PROGRA~2/ARMGNU~1/133167~1.3RE/bin/../lib/gcc/arm-none-eabi/13.3.1/thumb/v7e-m/nofp\libg.a(libc_a-puts.o)
                0x08001018                puts
 .text.__sread  0x08001028       0x24 C:/PROGRA~2/ARMGNU~1/133167~1.3RE/bin/../lib/gcc/arm-none-eabi/13.3.1/thumb/v7e-m/nofp\libg.a(libc_a-stdio.o)
                0x08001028                __sread
 .text.__swrite
                0x0800104c       0x40 C:/PROGRA~2/ARMGNU~1/133167~1.3RE/bin/../lib/gcc/arm-none-eabi/13.3.1/thumb/v7e-m/nofp\libg.a(libc_a-stdio.o)
                0x0800104c                __swrite
 .text.__sseek  0x0800108c       0x24 C:/PROGRA~2/ARMGNU~1/133167~1.3RE/bin/../lib/gcc/arm-none-eabi/13.3.1/thumb/v7e-m/nofp\libg.a(libc_a-stdio.o)
                0x0800108c                __sseek
 .text.__sclose
                0x080010b0        0x8 C:/PROGRA~2/ARMGNU~1/133167~1.3RE/bin/../lib/gcc/arm-none-eabi/13.3.1/thumb/v7e-m/nofp\libg.a(libc_a-stdio.o)
                0x080010b0                __sclose
 .text.memset   0x080010b8       0xa4 C:/PROGRA~2/ARMGNU~1/133167~1.3RE/bin/../lib/gcc/arm-none-eabi/13.3.1/thumb/v7e-m/nofp\libg.a(libc_a-memset.o)
                0x080010b8                memset
 .text._close_r
                0x0800115c       0x24 C:/PROGRA~2/ARMGNU~1/133167~1.3RE/bin/../lib/gcc/arm-none-eabi/13.3.1/thumb/v7e-m/nofp\libg.a(libc_a-closer.o)
                0x0800115c                _close_r
 .text._lseek_r
                0x08001180       0x2c C:/PROGRA~2/ARMGNU~1/133167~1.3RE/bin/../lib/gcc/arm-none-eabi/13.3.1/thumb/v7e-m/nofp\libg.a(libc_a-lseekr.o)
                0x08001180                _lseek_r
 .text._read_r  0x080011ac       0x2c C:/PROGRA~2/ARMGNU~1/133167~1.3RE/bin/../lib/gcc/arm-none-eabi/13.3.1/thumb/v7e-m/nofp\libg.a(libc_a-readr.o)
                0x080011ac                _read_r
 .text._write_r
                0x080011d8       0x2c C:/PROGRA~2/ARMGNU~1/133167~1.3RE/bin/../lib/gcc/arm-none-eabi/13.3.1/thumb/v7e-m/nofp\libg.a(libc_a-writer.o)
                0x080011d8                _write_r
 .text.__libc_init_array
                0x08001204       0x50 C:/PROGRA~2/ARMGNU~1/133167~1.3RE/bin/../lib/gcc/arm-none-eabi/13.3.1/thumb/v7e-m/nofp\libg.a(libc_a-init.o)
                0x08001204                __libc_init_array
 .text.__retarget_lock_init_recursive
                0x08001254        0x4 C:/PROGRA~2/ARMGNU~1/133167~1.3RE/bin/../lib/gcc/arm-none-eabi/13.3.1/thumb/v7e-m/nofp\libg.a(libc_a-lock.o)
                0x08001254                __retarget_lock_init_recursive
 .text.__retarget_lock_close_recursive
                0x08001258        0x4 C:/PROGRA~2/ARMGNU~1/133167~1.3RE/bin/../lib/gcc/arm-none-eabi/13.3.1/thumb/v7e-m/nofp\libg.a(libc_a-lock.o)
                0x08001258                __retarget_lock_close_recursive
 .text.__retarget_lock_acquire_recursive
                0x0800125c        0x4 C:/PROGRA~2/ARMGNU~1/133167~1.3RE/bin/../lib/gcc/arm-none-eabi/13.3.1/thumb/v7e-m/nofp\libg.a(libc_a-lock.o)
                0x0800125c                __retarget_lock_acquire_recursive
 .text.__retarget_lock_release_recursive
                0x08001260        0x4 C:/PROGRA~2/ARMGNU~1/133167~1.3RE/bin/../lib/gcc/arm-none-eabi/13.3.1/thumb/v7e-m/nofp\libg.a(libc_a-lock.o)
                0x08001260                __retarget_lock_release_recursive
 .text.startup.register_fini
                0x08001264       0x14 C:/PROGRA~2/ARMGNU~1/133167~1.3RE/bin/../lib/gcc/arm-none-eabi/13.3.1/thumb/v7e-m/nofp\libg.a(libc_a-__call_atexit.o)
 .text.atexit   0x08001278        0xc C:/PROGRA~2/ARMGNU~1/133167~1.3RE/bin/../lib/gcc/arm-none-eabi/13.3.1/thumb/v7e-m/nofp\libg.a(libc_a-atexit.o)
                0x08001278                atexit
 .text._malloc_trim_r
                0x08001284       0xb8 C:/PROGRA~2/ARMGNU~1/133167~1.3RE/bin/../lib/gcc/arm-none-eabi/13.3.1/thumb/v7e-m/nofp\libg.a(libc_a-freer.o)
                0x08001284                _malloc_trim_r
 .text._free_r  0x0800133c      0x1f8 C:/PROGRA~2/ARMGNU~1/133167~1.3RE/bin/../lib/gcc/arm-none-eabi/13.3.1/thumb/v7e-m/nofp\libg.a(libc_a-freer.o)
                0x0800133c                _free_r
 .text._malloc_r
                0x08001534      0x564 C:/PROGRA~2/ARMGNU~1/133167~1.3RE/bin/../lib/gcc/arm-none-eabi/13.3.1/thumb/v7e-m/nofp\libg.a(libc_a-mallocr.o)
                0x08001534                _malloc_r
 .text.__malloc_lock
                0x08001a98        0xc C:/PROGRA~2/ARMGNU~1/133167~1.3RE/bin/../lib/gcc/arm-none-eabi/13.3.1/thumb/v7e-m/nofp\libg.a(libc_a-mlock.o)
                0x08001a98                __malloc_lock
 .text.__malloc_unlock
                0x08001aa4        0xc C:/PROGRA~2/ARMGNU~1/133167~1.3RE/bin/../lib/gcc/arm-none-eabi/13.3.1/thumb/v7e-m/nofp\libg.a(libc_a-mlock.o)
                0x08001aa4                __malloc_unlock
 .text._fclose_r
                0x08001ab0       0xc0 C:/PROGRA~2/ARMGNU~1/133167~1.3RE/bin/../lib/gcc/arm-none-eabi/13.3.1/thumb/v7e-m/nofp\libg.a(libc_a-fclose.o)
                0x08001ab0                _fclose_r
 .text.__sflush_r
                0x08001b70      0x128 C:/PROGRA~2/ARMGNU~1/133167~1.3RE/bin/../lib/gcc/arm-none-eabi/13.3.1/thumb/v7e-m/nofp\libg.a(libc_a-fflush.o)
                0x08001b70                __sflush_r
 .text._fflush_r
                0x08001c98       0x54 C:/PROGRA~2/ARMGNU~1/133167~1.3RE/bin/../lib/gcc/arm-none-eabi/13.3.1/thumb/v7e-m/nofp\libg.a(libc_a-fflush.o)
                0x08001c98                _fflush_r
 .text.__sfvwrite_r
                0x08001cec      0x2f8 C:/PROGRA~2/ARMGNU~1/133167~1.3RE/bin/../lib/gcc/arm-none-eabi/13.3.1/thumb/v7e-m/nofp\libg.a(libc_a-fvwrite.o)
                0x08001cec                __sfvwrite_r
 .text.__swsetup_r
                0x08001fe4       0xc4 C:/PROGRA~2/ARMGNU~1/133167~1.3RE/bin/../lib/gcc/arm-none-eabi/13.3.1/thumb/v7e-m/nofp\libg.a(libc_a-wsetup.o)
                0x08001fe4                __swsetup_r
 .text.memmove  0x080020a8      0x100 C:/PROGRA~2/ARMGNU~1/133167~1.3RE/bin/../lib/gcc/arm-none-eabi/13.3.1/thumb/v7e-m/nofp\libg.a(libc_a-memmove.o)
                0x080020a8                memmove
 .text._sbrk_r  0x080021a8       0x24 C:/PROGRA~2/ARMGNU~1/133167~1.3RE/bin/../lib/gcc/arm-none-eabi/13.3.1/thumb/v7e-m/nofp\libg.a(libc_a-sbrkr.o)
                0x080021a8                _sbrk_r
 .text.__libc_fini_array
                0x080021cc       0x28 C:/PROGRA~2/ARMGNU~1/133167~1.3RE/bin/../lib/gcc/arm-none-eabi/13.3.1/thumb/v7e-m/nofp\libg.a(libc_a-fini.o)
                0x080021cc                __libc_fini_array
 .text.sysconf  0x080021f4       0x1c C:/PROGRA~2/ARMGNU~1/133167~1.3RE/bin/../lib/gcc/arm-none-eabi/13.3.1/thumb/v7e-m/nofp\libg.a(libc_a-sysconf.o)
                0x080021f4                sysconf
 .text.__register_exitproc
                0x08002210       0x80 C:/PROGRA~2/ARMGNU~1/133167~1.3RE/bin/../lib/gcc/arm-none-eabi/13.3.1/thumb/v7e-m/nofp\libg.a(libc_a-__atexit.o)
                0x08002210                __register_exitproc
 .text._realloc_r
                0x08002290      0x344 C:/PROGRA~2/ARMGNU~1/133167~1.3RE/bin/../lib/gcc/arm-none-eabi/13.3.1/thumb/v7e-m/nofp\libg.a(libc_a-reallocr.o)
                0x08002290                _realloc_r
 .text.__smakebuf_r
                0x080025d4       0xdc C:/PROGRA~2/ARMGNU~1/133167~1.3RE/bin/../lib/gcc/arm-none-eabi/13.3.1/thumb/v7e-m/nofp\libg.a(libc_a-makebuf.o)
                0x080025d4                __smakebuf_r
 .text._fstat_r
                0x080026b0       0x2c C:/PROGRA~2/ARMGNU~1/133167~1.3RE/bin/../lib/gcc/arm-none-eabi/13.3.1/thumb/v7e-m/nofp\libg.a(libc_a-fstatr.o)
                0x080026b0                _fstat_r
 .text._isatty_r
                0x080026dc       0x24 C:/PROGRA~2/ARMGNU~1/133167~1.3RE/bin/../lib/gcc/arm-none-eabi/13.3.1/thumb/v7e-m/nofp\libg.a(libc_a-isattyr.o)
                0x080026dc                _isatty_r
 .text.__errno  0x08002700        0xc C:/PROGRA~2/ARMGNU~1/133167~1.3RE/bin/../lib/gcc/arm-none-eabi/13.3.1/thumb/v7e-m/nofp\libg.a(libc_a-errno.o)
                0x08002700                __errno
 .text._close   0x0800270c       0x10 C:/PROGRA~2/ARMGNU~1/133167~1.3RE/bin/../lib/gcc/arm-none-eabi/13.3.1/thumb/v7e-m/nofp\libnosys.a(close.o)
                0x0800270c                _close
 .text._fstat   0x0800271c       0x10 C:/PROGRA~2/ARMGNU~1/133167~1.3RE/bin/../lib/gcc/arm-none-eabi/13.3.1/thumb/v7e-m/nofp\libnosys.a(fstat.o)
                0x0800271c                _fstat
 .text._isatty  0x0800272c       0x10 C:/PROGRA~2/ARMGNU~1/133167~1.3RE/bin/../lib/gcc/arm-none-eabi/13.3.1/thumb/v7e-m/nofp\libnosys.a(isatty.o)
                0x0800272c                _isatty
 .text._lseek   0x0800273c       0x10 C:/PROGRA~2/ARMGNU~1/133167~1.3RE/bin/../lib/gcc/arm-none-eabi/13.3.1/thumb/v7e-m/nofp\libnosys.a(lseek.o)
                0x0800273c                _lseek
 .text._read    0x0800274c       0x10 C:/PROGRA~2/ARMGNU~1/133167~1.3RE/bin/../lib/gcc/arm-none-eabi/13.3.1/thumb/v7e-m/nofp\libnosys.a(read.o)
                0x0800274c                _read
 .text._sbrk    0x0800275c       0x1c C:/PROGRA~2/ARMGNU~1/133167~1.3RE/bin/../lib/gcc/arm-none-eabi/13.3.1/thumb/v7e-m/nofp\libnosys.a(sbrk.o)
                0x0800275c                _sbrk
 .text._write   0x08002778       0x10 C:/PROGRA~2/ARMGNU~1/133167~1.3RE/bin/../lib/gcc/arm-none-eabi/13.3.1/thumb/v7e-m/nofp\libnosys.a(write.o)
                0x08002778                _write
 *(.glue_7)
 .glue_7        0x08002788        0x0 linker stubs
 *(.glue_7t)
 .glue_7t       0x08002788        0x0 linker stubs
 *(.eh_frame)
 .eh_frame      0x08002788        0x0 C:/PROGRA~2/ARMGNU~1/133167~1.3RE/bin/../lib/gcc/arm-none-eabi/13.3.1/thumb/v7e-m/nofp/crtbegin.o
 *(.init)
 .init          0x08002788        0x4 C:/PROGRA~2/ARMGNU~1/133167~1.3RE/bin/../lib/gcc/arm-none-eabi/13.3.1/thumb/v7e-m/nofp/crti.o
                0x08002788                _init
 .init          0x0800278c        0x8 C:/PROGRA~2/ARMGNU~1/133167~1.3RE/bin/../lib/gcc/arm-none-eabi/13.3.1/thumb/v7e-m/nofp/crtn.o
 *(.fini)
 .fini          0x08002794        0x4 C:/PROGRA~2/ARMGNU~1/133167~1.3RE/bin/../lib/gcc/arm-none-eabi/13.3.1/thumb/v7e-m/nofp/crti.o
                0x08002794                _fini
 .fini          0x08002798        0x8 C:/PROGRA~2/ARMGNU~1/133167~1.3RE/bin/../lib/gcc/arm-none-eabi/13.3.1/thumb/v7e-m/nofp/crtn.o
                0x080027a0                        . = ALIGN (0x4)
                0x080027a0                        _etext = .

.vfp11_veneer   0x080027a0        0x0
 .vfp11_veneer  0x080027a0        0x0 linker stubs

.v4_bx          0x080027a0        0x0
 .v4_bx         0x080027a0        0x0 linker stubs

.iplt           0x080027a0        0x0
 .iplt          0x080027a0        0x0 C:/PROGRA~2/ARMGNU~1/133167~1.3RE/bin/../lib/gcc/arm-none-eabi/13.3.1/thumb/v7e-m/nofp/crtbegin.o

.rodata         0x080027a0       0x10
                0x080027a0                        . = ALIGN (0x4)
 *(.rodata)
 *(.rodata*)
 .rodata.main.str1.4
                0x080027a0        0xe CMakeFiles/OS.elf.dir/User/main.c.obj
                                  0xc (size before relaxing)
 .rodata._puts_r.str1.4
                0x080027ae        0x2 C:/PROGRA~2/ARMGNU~1/133167~1.3RE/bin/../lib/gcc/arm-none-eabi/13.3.1/thumb/v7e-m/nofp\libg.a(libc_a-puts.o)
                0x080027b0                        . = ALIGN (0x4)
 *fill*         0x080027ae        0x2 

.ARM.extab
 *(.ARM.extab* .gnu.linkonce.armextab.*)

.ARM            0x080027b0        0x8
                0x080027b0                        __exidx_start = .
 *(.ARM.exidx*)
 .ARM.exidx     0x080027b0        0x8 C:/PROGRA~2/ARMGNU~1/133167~1.3RE/bin/../lib/gcc/arm-none-eabi/13.3.1/thumb/v7e-m/nofp\libg.a(libc_a-strlen.o)
 .ARM.exidx     0x080027b8        0x0 C:/PROGRA~2/ARMGNU~1/133167~1.3RE/bin/../lib/gcc/arm-none-eabi/13.3.1/thumb/v7e-m/nofp\libg.a(libc_a-memchr.o)
                                  0x8 (size before relaxing)
 .ARM.exidx     0x080027b8        0x0 C:/PROGRA~2/ARMGNU~1/133167~1.3RE/bin/../lib/gcc/arm-none-eabi/13.3.1/thumb/v7e-m/nofp\libg.a(libc_a-memcpy.o)
                                  0x8 (size before relaxing)
                0x080027b8                        __exidx_end = .

.rel.dyn        0x080027b8        0x0
 .rel.iplt      0x080027b8        0x0 C:/PROGRA~2/ARMGNU~1/133167~1.3RE/bin/../lib/gcc/arm-none-eabi/13.3.1/thumb/v7e-m/nofp/crtbegin.o

.preinit_array  0x080027b8        0x0
                0x080027b8                        PROVIDE (__preinit_array_start = .)
 *(.preinit_array*)
                0x080027b8                        PROVIDE (__preinit_array_end = .)

.init_array     0x080027b8        0x8
                0x080027b8                        PROVIDE (__init_array_start = .)
 *(SORT_BY_NAME(.init_array.*))
 .init_array.00000
                0x080027b8        0x4 C:/PROGRA~2/ARMGNU~1/133167~1.3RE/bin/../lib/gcc/arm-none-eabi/13.3.1/thumb/v7e-m/nofp\libg.a(libc_a-__call_atexit.o)
 *(.init_array*)
 .init_array    0x080027bc        0x4 C:/PROGRA~2/ARMGNU~1/133167~1.3RE/bin/../lib/gcc/arm-none-eabi/13.3.1/thumb/v7e-m/nofp/crtbegin.o
                0x080027c0                        PROVIDE (__init_array_end = .)

.fini_array     0x080027c0        0x4
                0x080027c0                        PROVIDE (__fini_array_start = .)
 *(SORT_BY_NAME(.fini_array.*))
 *(.fini_array*)
 .fini_array    0x080027c0        0x4 C:/PROGRA~2/ARMGNU~1/133167~1.3RE/bin/../lib/gcc/arm-none-eabi/13.3.1/thumb/v7e-m/nofp/crtbegin.o
                0x080027c4                        PROVIDE (__fini_array_end = .)
                0x080027c4                        _sidata = LOADADDR (.data)

.data           0x20000000      0x570 load address 0x080027c4
                0x20000000                        . = ALIGN (0x4)
                0x20000000                        _sdata = .
 *(.data)
 *(.data*)
 .data.SystemCoreClock
                0x20000000        0x4 CORE\libCORE_LIB.a(system_stm32f4xx.c.obj)
                0x20000000                SystemCoreClock
 .data.__sglue  0x20000004        0xc C:/PROGRA~2/ARMGNU~1/133167~1.3RE/bin/../lib/gcc/arm-none-eabi/13.3.1/thumb/v7e-m/nofp\libg.a(libc_a-findfp.o)
                0x20000004                __sglue
 .data._impure_ptr
                0x20000010        0x4 C:/PROGRA~2/ARMGNU~1/133167~1.3RE/bin/../lib/gcc/arm-none-eabi/13.3.1/thumb/v7e-m/nofp\libg.a(libc_a-impure.o)
                0x20000010                _impure_ptr
 *fill*         0x20000014        0x4 
 .data._impure_data
                0x20000018      0x140 C:/PROGRA~2/ARMGNU~1/133167~1.3RE/bin/../lib/gcc/arm-none-eabi/13.3.1/thumb/v7e-m/nofp\libg.a(libc_a-impure.o)
                0x20000018                _impure_data
 .data.__atexit_recursive_mutex
                0x20000158        0x4 C:/PROGRA~2/ARMGNU~1/133167~1.3RE/bin/../lib/gcc/arm-none-eabi/13.3.1/thumb/v7e-m/nofp\libg.a(libc_a-__call_atexit.o)
                0x20000158                __atexit_recursive_mutex
 .data.__malloc_sbrk_base
                0x2000015c        0x4 C:/PROGRA~2/ARMGNU~1/133167~1.3RE/bin/../lib/gcc/arm-none-eabi/13.3.1/thumb/v7e-m/nofp\libg.a(libc_a-mallocr.o)
                0x2000015c                __malloc_sbrk_base
 .data.__malloc_trim_threshold
                0x20000160        0x4 C:/PROGRA~2/ARMGNU~1/133167~1.3RE/bin/../lib/gcc/arm-none-eabi/13.3.1/thumb/v7e-m/nofp\libg.a(libc_a-mallocr.o)
                0x20000160                __malloc_trim_threshold
 *fill*         0x20000164        0x4 
 .data.__malloc_av_
                0x20000168      0x408 C:/PROGRA~2/ARMGNU~1/133167~1.3RE/bin/../lib/gcc/arm-none-eabi/13.3.1/thumb/v7e-m/nofp\libg.a(libc_a-mallocr.o)
                0x20000168                __malloc_av_
                0x20000570                        . = ALIGN (0x4)
                0x20000570                        _edata = .
                0x08002d34                        _siccmram = LOADADDR (.ccmram)

.tm_clone_table
                0x20000570        0x0 load address 0x08002d34
 .tm_clone_table
                0x20000570        0x0 C:/PROGRA~2/ARMGNU~1/133167~1.3RE/bin/../lib/gcc/arm-none-eabi/13.3.1/thumb/v7e-m/nofp/crtbegin.o
 .tm_clone_table
                0x20000570        0x0 C:/PROGRA~2/ARMGNU~1/133167~1.3RE/bin/../lib/gcc/arm-none-eabi/13.3.1/thumb/v7e-m/nofp/crtend.o

.igot.plt       0x20000570        0x0 load address 0x08002d34
 .igot.plt      0x20000570        0x0 C:/PROGRA~2/ARMGNU~1/133167~1.3RE/bin/../lib/gcc/arm-none-eabi/13.3.1/thumb/v7e-m/nofp/crtbegin.o

.ccmram         0x10000000        0x0 load address 0x08002d34
                0x10000000                        . = ALIGN (0x4)
                0x10000000                        _sccmram = .
 *(.ccmram)
 *(.ccmram*)
                0x10000000                        . = ALIGN (0x4)
                0x10000000                        _eccmram = .
                0x10000000                        . = ALIGN (0x4)

.bss            0x20000570      0x334
                0x20000570                        _sbss = .
                0x20000570                        __bss_start__ = _sbss
 *(.bss)
 *(.bss*)
 .bss.completed.1
                0x20000570        0x1 C:/PROGRA~2/ARMGNU~1/133167~1.3RE/bin/../lib/gcc/arm-none-eabi/13.3.1/thumb/v7e-m/nofp/crtbegin.o
 *fill*         0x20000571        0x3 
 .bss.object.0  0x20000574       0x18 C:/PROGRA~2/ARMGNU~1/133167~1.3RE/bin/../lib/gcc/arm-none-eabi/13.3.1/thumb/v7e-m/nofp/crtbegin.o
 .bss.__sf      0x2000058c      0x138 C:/PROGRA~2/ARMGNU~1/133167~1.3RE/bin/../lib/gcc/arm-none-eabi/13.3.1/thumb/v7e-m/nofp\libg.a(libc_a-findfp.o)
                0x2000058c                __sf
 .bss.__stdio_exit_handler
                0x200006c4        0x4 C:/PROGRA~2/ARMGNU~1/133167~1.3RE/bin/../lib/gcc/arm-none-eabi/13.3.1/thumb/v7e-m/nofp\libg.a(libc_a-findfp.o)
                0x200006c4                __stdio_exit_handler
 .bss.errno     0x200006c8        0x4 C:/PROGRA~2/ARMGNU~1/133167~1.3RE/bin/../lib/gcc/arm-none-eabi/13.3.1/thumb/v7e-m/nofp\libg.a(libc_a-reent.o)
                0x200006c8                errno
 .bss.__lock___malloc_recursive_mutex
                0x200006cc        0x1 C:/PROGRA~2/ARMGNU~1/133167~1.3RE/bin/../lib/gcc/arm-none-eabi/13.3.1/thumb/v7e-m/nofp\libg.a(libc_a-lock.o)
                0x200006cc                __lock___malloc_recursive_mutex
 *fill*         0x200006cd        0x3 
 .bss.__lock___atexit_recursive_mutex
                0x200006d0        0x1 C:/PROGRA~2/ARMGNU~1/133167~1.3RE/bin/../lib/gcc/arm-none-eabi/13.3.1/thumb/v7e-m/nofp\libg.a(libc_a-lock.o)
                0x200006d0                __lock___atexit_recursive_mutex
 *fill*         0x200006d1        0x3 
 .bss.__lock___sfp_recursive_mutex
                0x200006d4        0x1 C:/PROGRA~2/ARMGNU~1/133167~1.3RE/bin/../lib/gcc/arm-none-eabi/13.3.1/thumb/v7e-m/nofp\libg.a(libc_a-lock.o)
                0x200006d4                __lock___sfp_recursive_mutex
 *fill*         0x200006d5        0x3 
 .bss.__atexit  0x200006d8        0x4 C:/PROGRA~2/ARMGNU~1/133167~1.3RE/bin/../lib/gcc/arm-none-eabi/13.3.1/thumb/v7e-m/nofp\libg.a(libc_a-__call_atexit.o)
                0x200006d8                __atexit
 .bss.__malloc_current_mallinfo
                0x200006dc       0x28 C:/PROGRA~2/ARMGNU~1/133167~1.3RE/bin/../lib/gcc/arm-none-eabi/13.3.1/thumb/v7e-m/nofp\libg.a(libc_a-mallocr.o)
                0x200006dc                __malloc_current_mallinfo
 .bss.__malloc_max_total_mem
                0x20000704        0x4 C:/PROGRA~2/ARMGNU~1/133167~1.3RE/bin/../lib/gcc/arm-none-eabi/13.3.1/thumb/v7e-m/nofp\libg.a(libc_a-mallocr.o)
                0x20000704                __malloc_max_total_mem
 .bss.__malloc_max_sbrked_mem
                0x20000708        0x4 C:/PROGRA~2/ARMGNU~1/133167~1.3RE/bin/../lib/gcc/arm-none-eabi/13.3.1/thumb/v7e-m/nofp\libg.a(libc_a-mallocr.o)
                0x20000708                __malloc_max_sbrked_mem
 .bss.__malloc_top_pad
                0x2000070c        0x4 C:/PROGRA~2/ARMGNU~1/133167~1.3RE/bin/../lib/gcc/arm-none-eabi/13.3.1/thumb/v7e-m/nofp\libg.a(libc_a-mallocr.o)
                0x2000070c                __malloc_top_pad
 .bss.__atexit0
                0x20000710      0x190 C:/PROGRA~2/ARMGNU~1/133167~1.3RE/bin/../lib/gcc/arm-none-eabi/13.3.1/thumb/v7e-m/nofp\libg.a(libc_a-__atexit.o)
                0x20000710                __atexit0
 .bss.heap_end.0
                0x200008a0        0x4 C:/PROGRA~2/ARMGNU~1/133167~1.3RE/bin/../lib/gcc/arm-none-eabi/13.3.1/thumb/v7e-m/nofp\libnosys.a(sbrk.o)
 *(COMMON)
                0x200008a4                        . = ALIGN (0x4)
                0x200008a4                        _ebss = .
                0x200008a4                        __bss_end__ = _ebss

._user_heap_stack
                0x200008a4     0x1804
                0x200008a8                        . = ALIGN (0x8)
 *fill*         0x200008a4        0x4 
                0x200008a8                        PROVIDE (end = .)
                [!provide]                        PROVIDE (_end = .)
                0x20000ca8                        . = (. + _Min_Heap_Size)
 *fill*         0x200008a8      0x400 
                0x200020a8                        . = (. + _Min_Stack_Size)
 *fill*         0x20000ca8     0x1400 
                0x200020a8                        . = ALIGN (0x8)

.ext_sdram      0xc0000000        0x0
                0xc0000000                        . = ALIGN (0x4)
 *(.ext_sram)
                0xc0000000                        . = ALIGN (0x4)

/DISCARD/
 libc.a(*)
 libm.a(*)
 libgcc.a(*)

.ARM.attributes
                0x00000000       0x2a
 *(.ARM.attributes)
 .ARM.attributes
                0x00000000       0x1e C:/PROGRA~2/ARMGNU~1/133167~1.3RE/bin/../lib/gcc/arm-none-eabi/13.3.1/thumb/v7e-m/nofp/crti.o
 .ARM.attributes
                0x0000001e       0x2e C:/PROGRA~2/ARMGNU~1/133167~1.3RE/bin/../lib/gcc/arm-none-eabi/13.3.1/thumb/v7e-m/nofp/crtbegin.o
 .ARM.attributes
                0x0000004c       0x2e CMakeFiles/OS.elf.dir/User/main.c.obj
 .ARM.attributes
                0x0000007a       0x2e CORE\libCORE_LIB.a(stratup.c.obj)
 .ARM.attributes
                0x000000a8       0x2e CORE\libCORE_LIB.a(system_stm32f4xx.c.obj)
 .ARM.attributes
                0x000000d6       0x2e BSP\libBSP_LIB.a(usart.c.obj)
 .ARM.attributes
                0x00000104       0x2e BSP\libBSP_LIB.a(gpio.c.obj)
 .ARM.attributes
                0x00000132       0x1e C:/PROGRA~2/ARMGNU~1/133167~1.3RE/bin/../lib/gcc/arm-none-eabi/13.3.1/thumb/v7e-m/nofp\libgcc.a(_arm_addsubsf3.o)
 .ARM.attributes
                0x00000150       0x1e C:/PROGRA~2/ARMGNU~1/133167~1.3RE/bin/../lib/gcc/arm-none-eabi/13.3.1/thumb/v7e-m/nofp\libgcc.a(_arm_muldivsf3.o)
 .ARM.attributes
                0x0000016e       0x1e C:/PROGRA~2/ARMGNU~1/133167~1.3RE/bin/../lib/gcc/arm-none-eabi/13.3.1/thumb/v7e-m/nofp\libgcc.a(_arm_fixunssfsi.o)
 .ARM.attributes
                0x0000018c       0x2e C:/PROGRA~2/ARMGNU~1/133167~1.3RE/bin/../lib/gcc/arm-none-eabi/13.3.1/thumb/v7e-m/nofp\libg.a(libc_a-findfp.o)
 .ARM.attributes
                0x000001ba       0x2e C:/PROGRA~2/ARMGNU~1/133167~1.3RE/bin/../lib/gcc/arm-none-eabi/13.3.1/thumb/v7e-m/nofp\libg.a(libc_a-fwalk.o)
 .ARM.attributes
                0x000001e8       0x2e C:/PROGRA~2/ARMGNU~1/133167~1.3RE/bin/../lib/gcc/arm-none-eabi/13.3.1/thumb/v7e-m/nofp\libg.a(libc_a-puts.o)
 .ARM.attributes
                0x00000216       0x2e C:/PROGRA~2/ARMGNU~1/133167~1.3RE/bin/../lib/gcc/arm-none-eabi/13.3.1/thumb/v7e-m/nofp\libg.a(libc_a-stdio.o)
 .ARM.attributes
                0x00000244       0x2e C:/PROGRA~2/ARMGNU~1/133167~1.3RE/bin/../lib/gcc/arm-none-eabi/13.3.1/thumb/v7e-m/nofp\libg.a(libc_a-memset.o)
 .ARM.attributes
                0x00000272       0x2e C:/PROGRA~2/ARMGNU~1/133167~1.3RE/bin/../lib/gcc/arm-none-eabi/13.3.1/thumb/v7e-m/nofp\libg.a(libc_a-closer.o)
 .ARM.attributes
                0x000002a0       0x2e C:/PROGRA~2/ARMGNU~1/133167~1.3RE/bin/../lib/gcc/arm-none-eabi/13.3.1/thumb/v7e-m/nofp\libg.a(libc_a-reent.o)
 .ARM.attributes
                0x000002ce       0x2e C:/PROGRA~2/ARMGNU~1/133167~1.3RE/bin/../lib/gcc/arm-none-eabi/13.3.1/thumb/v7e-m/nofp\libg.a(libc_a-impure.o)
 .ARM.attributes
                0x000002fc       0x2e C:/PROGRA~2/ARMGNU~1/133167~1.3RE/bin/../lib/gcc/arm-none-eabi/13.3.1/thumb/v7e-m/nofp\libg.a(libc_a-lseekr.o)
 .ARM.attributes
                0x0000032a       0x2e C:/PROGRA~2/ARMGNU~1/133167~1.3RE/bin/../lib/gcc/arm-none-eabi/13.3.1/thumb/v7e-m/nofp\libg.a(libc_a-readr.o)
 .ARM.attributes
                0x00000358       0x2e C:/PROGRA~2/ARMGNU~1/133167~1.3RE/bin/../lib/gcc/arm-none-eabi/13.3.1/thumb/v7e-m/nofp\libg.a(libc_a-writer.o)
 .ARM.attributes
                0x00000386       0x2e C:/PROGRA~2/ARMGNU~1/133167~1.3RE/bin/../lib/gcc/arm-none-eabi/13.3.1/thumb/v7e-m/nofp\libg.a(libc_a-init.o)
 .ARM.attributes
                0x000003b4       0x2e C:/PROGRA~2/ARMGNU~1/133167~1.3RE/bin/../lib/gcc/arm-none-eabi/13.3.1/thumb/v7e-m/nofp\libg.a(libc_a-lock.o)
 .ARM.attributes
                0x000003e2       0x1c C:/PROGRA~2/ARMGNU~1/133167~1.3RE/bin/../lib/gcc/arm-none-eabi/13.3.1/thumb/v7e-m/nofp\libg.a(libc_a-strlen.o)
 .ARM.attributes
                0x000003fe       0x2e C:/PROGRA~2/ARMGNU~1/133167~1.3RE/bin/../lib/gcc/arm-none-eabi/13.3.1/thumb/v7e-m/nofp\libg.a(libc_a-__call_atexit.o)
 .ARM.attributes
                0x0000042c       0x2e C:/PROGRA~2/ARMGNU~1/133167~1.3RE/bin/../lib/gcc/arm-none-eabi/13.3.1/thumb/v7e-m/nofp\libg.a(libc_a-atexit.o)
 .ARM.attributes
                0x0000045a       0x2e C:/PROGRA~2/ARMGNU~1/133167~1.3RE/bin/../lib/gcc/arm-none-eabi/13.3.1/thumb/v7e-m/nofp\libg.a(libc_a-freer.o)
 .ARM.attributes
                0x00000488       0x2e C:/PROGRA~2/ARMGNU~1/133167~1.3RE/bin/../lib/gcc/arm-none-eabi/13.3.1/thumb/v7e-m/nofp\libg.a(libc_a-mallocr.o)
 .ARM.attributes
                0x000004b6       0x2e C:/PROGRA~2/ARMGNU~1/133167~1.3RE/bin/../lib/gcc/arm-none-eabi/13.3.1/thumb/v7e-m/nofp\libg.a(libc_a-mlock.o)
 .ARM.attributes
                0x000004e4       0x2e C:/PROGRA~2/ARMGNU~1/133167~1.3RE/bin/../lib/gcc/arm-none-eabi/13.3.1/thumb/v7e-m/nofp\libg.a(libc_a-fclose.o)
 .ARM.attributes
                0x00000512       0x2e C:/PROGRA~2/ARMGNU~1/133167~1.3RE/bin/../lib/gcc/arm-none-eabi/13.3.1/thumb/v7e-m/nofp\libg.a(libc_a-fflush.o)
 .ARM.attributes
                0x00000540       0x2e C:/PROGRA~2/ARMGNU~1/133167~1.3RE/bin/../lib/gcc/arm-none-eabi/13.3.1/thumb/v7e-m/nofp\libg.a(libc_a-fvwrite.o)
 .ARM.attributes
                0x0000056e       0x2e C:/PROGRA~2/ARMGNU~1/133167~1.3RE/bin/../lib/gcc/arm-none-eabi/13.3.1/thumb/v7e-m/nofp\libg.a(libc_a-wsetup.o)
 .ARM.attributes
                0x0000059c       0x2e C:/PROGRA~2/ARMGNU~1/133167~1.3RE/bin/../lib/gcc/arm-none-eabi/13.3.1/thumb/v7e-m/nofp\libg.a(libc_a-memmove.o)
 .ARM.attributes
                0x000005ca       0x2e C:/PROGRA~2/ARMGNU~1/133167~1.3RE/bin/../lib/gcc/arm-none-eabi/13.3.1/thumb/v7e-m/nofp\libg.a(libc_a-sbrkr.o)
 .ARM.attributes
                0x000005f8       0x2e C:/PROGRA~2/ARMGNU~1/133167~1.3RE/bin/../lib/gcc/arm-none-eabi/13.3.1/thumb/v7e-m/nofp\libg.a(libc_a-fini.o)
 .ARM.attributes
                0x00000626       0x2e C:/PROGRA~2/ARMGNU~1/133167~1.3RE/bin/../lib/gcc/arm-none-eabi/13.3.1/thumb/v7e-m/nofp\libg.a(libc_a-sysconf.o)
 .ARM.attributes
                0x00000654       0x1c C:/PROGRA~2/ARMGNU~1/133167~1.3RE/bin/../lib/gcc/arm-none-eabi/13.3.1/thumb/v7e-m/nofp\libg.a(libc_a-memchr.o)
 .ARM.attributes
                0x00000670       0x1c C:/PROGRA~2/ARMGNU~1/133167~1.3RE/bin/../lib/gcc/arm-none-eabi/13.3.1/thumb/v7e-m/nofp\libg.a(libc_a-memcpy.o)
 .ARM.attributes
                0x0000068c       0x2e C:/PROGRA~2/ARMGNU~1/133167~1.3RE/bin/../lib/gcc/arm-none-eabi/13.3.1/thumb/v7e-m/nofp\libg.a(libc_a-__atexit.o)
 .ARM.attributes
                0x000006ba       0x2e C:/PROGRA~2/ARMGNU~1/133167~1.3RE/bin/../lib/gcc/arm-none-eabi/13.3.1/thumb/v7e-m/nofp\libg.a(libc_a-reallocr.o)
 .ARM.attributes
                0x000006e8       0x2e C:/PROGRA~2/ARMGNU~1/133167~1.3RE/bin/../lib/gcc/arm-none-eabi/13.3.1/thumb/v7e-m/nofp\libg.a(libc_a-makebuf.o)
 .ARM.attributes
                0x00000716       0x2e C:/PROGRA~2/ARMGNU~1/133167~1.3RE/bin/../lib/gcc/arm-none-eabi/13.3.1/thumb/v7e-m/nofp\libg.a(libc_a-fstatr.o)
 .ARM.attributes
                0x00000744       0x2e C:/PROGRA~2/ARMGNU~1/133167~1.3RE/bin/../lib/gcc/arm-none-eabi/13.3.1/thumb/v7e-m/nofp\libg.a(libc_a-isattyr.o)
 .ARM.attributes
                0x00000772       0x2e C:/PROGRA~2/ARMGNU~1/133167~1.3RE/bin/../lib/gcc/arm-none-eabi/13.3.1/thumb/v7e-m/nofp\libg.a(libc_a-errno.o)
 .ARM.attributes
                0x000007a0       0x2e C:/PROGRA~2/ARMGNU~1/133167~1.3RE/bin/../lib/gcc/arm-none-eabi/13.3.1/thumb/v7e-m/nofp\libnosys.a(close.o)
 .ARM.attributes
                0x000007ce       0x2e C:/PROGRA~2/ARMGNU~1/133167~1.3RE/bin/../lib/gcc/arm-none-eabi/13.3.1/thumb/v7e-m/nofp\libnosys.a(fstat.o)
 .ARM.attributes
                0x000007fc       0x2e C:/PROGRA~2/ARMGNU~1/133167~1.3RE/bin/../lib/gcc/arm-none-eabi/13.3.1/thumb/v7e-m/nofp\libnosys.a(isatty.o)
 .ARM.attributes
                0x0000082a       0x2e C:/PROGRA~2/ARMGNU~1/133167~1.3RE/bin/../lib/gcc/arm-none-eabi/13.3.1/thumb/v7e-m/nofp\libnosys.a(lseek.o)
 .ARM.attributes
                0x00000858       0x2e C:/PROGRA~2/ARMGNU~1/133167~1.3RE/bin/../lib/gcc/arm-none-eabi/13.3.1/thumb/v7e-m/nofp\libnosys.a(read.o)
 .ARM.attributes
                0x00000886       0x2e C:/PROGRA~2/ARMGNU~1/133167~1.3RE/bin/../lib/gcc/arm-none-eabi/13.3.1/thumb/v7e-m/nofp\libnosys.a(sbrk.o)
 .ARM.attributes
                0x000008b4       0x2e C:/PROGRA~2/ARMGNU~1/133167~1.3RE/bin/../lib/gcc/arm-none-eabi/13.3.1/thumb/v7e-m/nofp\libnosys.a(write.o)
 .ARM.attributes
                0x000008e2       0x2e C:/PROGRA~2/ARMGNU~1/133167~1.3RE/bin/../lib/gcc/arm-none-eabi/13.3.1/thumb/v7e-m/nofp/crtend.o
 .ARM.attributes
                0x00000910       0x1e C:/PROGRA~2/ARMGNU~1/133167~1.3RE/bin/../lib/gcc/arm-none-eabi/13.3.1/thumb/v7e-m/nofp/crtn.o
OUTPUT(OS.elf elf32-littlearm)
LOAD linker stubs
LOAD C:/PROGRA~2/ARMGNU~1/133167~1.3RE/bin/../lib/gcc/arm-none-eabi/13.3.1/thumb/v7e-m/nofp\libc.a
LOAD C:/PROGRA~2/ARMGNU~1/133167~1.3RE/bin/../lib/gcc/arm-none-eabi/13.3.1/thumb/v7e-m/nofp\libm.a
LOAD C:/PROGRA~2/ARMGNU~1/133167~1.3RE/bin/../lib/gcc/arm-none-eabi/13.3.1/thumb/v7e-m/nofp\libgcc.a

.debug_info     0x00000000     0x1806
 .debug_info    0x00000000       0xf4 CMakeFiles/OS.elf.dir/User/main.c.obj
 .debug_info    0x000000f4      0x174 CORE\libCORE_LIB.a(stratup.c.obj)
 .debug_info    0x00000268      0x604 CORE\libCORE_LIB.a(system_stm32f4xx.c.obj)
 .debug_info    0x0000086c      0xc56 BSP\libBSP_LIB.a(usart.c.obj)
 .debug_info    0x000014c2      0x344 BSP\libBSP_LIB.a(gpio.c.obj)

.debug_abbrev   0x00000000      0x688
 .debug_abbrev  0x00000000       0xa0 CMakeFiles/OS.elf.dir/User/main.c.obj
 .debug_abbrev  0x000000a0      0x11c CORE\libCORE_LIB.a(stratup.c.obj)
 .debug_abbrev  0x000001bc      0x18c CORE\libCORE_LIB.a(system_stm32f4xx.c.obj)
 .debug_abbrev  0x00000348      0x1c7 BSP\libBSP_LIB.a(usart.c.obj)
 .debug_abbrev  0x0000050f      0x179 BSP\libBSP_LIB.a(gpio.c.obj)

.debug_aranges  0x00000000      0x108
 .debug_aranges
                0x00000000       0x20 CMakeFiles/OS.elf.dir/User/main.c.obj
 .debug_aranges
                0x00000020       0x28 CORE\libCORE_LIB.a(stratup.c.obj)
 .debug_aranges
                0x00000048       0x30 CORE\libCORE_LIB.a(system_stm32f4xx.c.obj)
 .debug_aranges
                0x00000078       0x50 BSP\libBSP_LIB.a(usart.c.obj)
 .debug_aranges
                0x000000c8       0x40 BSP\libBSP_LIB.a(gpio.c.obj)

.debug_rnglists
                0x00000000       0xb5
 .debug_rnglists
                0x00000000       0x13 CMakeFiles/OS.elf.dir/User/main.c.obj
 .debug_rnglists
                0x00000013       0x19 CORE\libCORE_LIB.a(stratup.c.obj)
 .debug_rnglists
                0x0000002c       0x21 CORE\libCORE_LIB.a(system_stm32f4xx.c.obj)
 .debug_rnglists
                0x0000004d       0x3c BSP\libBSP_LIB.a(usart.c.obj)
 .debug_rnglists
                0x00000089       0x2c BSP\libBSP_LIB.a(gpio.c.obj)

.debug_line     0x00000000      0xed3
 .debug_line    0x00000000      0x15d CMakeFiles/OS.elf.dir/User/main.c.obj
 .debug_line    0x0000015d       0xe2 CORE\libCORE_LIB.a(stratup.c.obj)
 .debug_line    0x0000023f      0x3d3 CORE\libCORE_LIB.a(system_stm32f4xx.c.obj)
 .debug_line    0x00000612      0x5ab BSP\libBSP_LIB.a(usart.c.obj)
 .debug_line    0x00000bbd      0x316 BSP\libBSP_LIB.a(gpio.c.obj)

.debug_str      0x00000000      0x8cd
 .debug_str     0x00000000      0x8cd CMakeFiles/OS.elf.dir/User/main.c.obj
                                0x1f4 (size before relaxing)
 .debug_str     0x000008cd      0x23e CORE\libCORE_LIB.a(stratup.c.obj)
 .debug_str     0x000008cd      0x41e CORE\libCORE_LIB.a(system_stm32f4xx.c.obj)
 .debug_str     0x000008cd      0x5ea BSP\libBSP_LIB.a(usart.c.obj)
 .debug_str     0x000008cd      0x2a1 BSP\libBSP_LIB.a(gpio.c.obj)

.comment        0x00000000       0x45
 .comment       0x00000000       0x45 CMakeFiles/OS.elf.dir/User/main.c.obj
                                 0x46 (size before relaxing)
 .comment       0x00000045       0x46 CORE\libCORE_LIB.a(stratup.c.obj)
 .comment       0x00000045       0x46 CORE\libCORE_LIB.a(system_stm32f4xx.c.obj)
 .comment       0x00000045       0x46 BSP\libBSP_LIB.a(usart.c.obj)
 .comment       0x00000045       0x46 BSP\libBSP_LIB.a(gpio.c.obj)

.debug_frame    0x00000000      0xcd0
 .debug_frame   0x00000000       0x28 CMakeFiles/OS.elf.dir/User/main.c.obj
 .debug_frame   0x00000028       0x30 CORE\libCORE_LIB.a(stratup.c.obj)
 .debug_frame   0x00000058       0x54 CORE\libCORE_LIB.a(system_stm32f4xx.c.obj)
 .debug_frame   0x000000ac       0xec BSP\libBSP_LIB.a(usart.c.obj)
 .debug_frame   0x00000198       0xa0 BSP\libBSP_LIB.a(gpio.c.obj)
 .debug_frame   0x00000238       0x4c C:/PROGRA~2/ARMGNU~1/133167~1.3RE/bin/../lib/gcc/arm-none-eabi/13.3.1/thumb/v7e-m/nofp\libgcc.a(_arm_addsubsf3.o)
 .debug_frame   0x00000284       0x38 C:/PROGRA~2/ARMGNU~1/133167~1.3RE/bin/../lib/gcc/arm-none-eabi/13.3.1/thumb/v7e-m/nofp\libgcc.a(_arm_muldivsf3.o)
 .debug_frame   0x000002bc       0x24 C:/PROGRA~2/ARMGNU~1/133167~1.3RE/bin/../lib/gcc/arm-none-eabi/13.3.1/thumb/v7e-m/nofp\libgcc.a(_arm_fixunssfsi.o)
 .debug_frame   0x000002e0      0x13c C:/PROGRA~2/ARMGNU~1/133167~1.3RE/bin/../lib/gcc/arm-none-eabi/13.3.1/thumb/v7e-m/nofp\libg.a(libc_a-findfp.o)
 .debug_frame   0x0000041c       0x34 C:/PROGRA~2/ARMGNU~1/133167~1.3RE/bin/../lib/gcc/arm-none-eabi/13.3.1/thumb/v7e-m/nofp\libg.a(libc_a-fwalk.o)
 .debug_frame   0x00000450       0x4c C:/PROGRA~2/ARMGNU~1/133167~1.3RE/bin/../lib/gcc/arm-none-eabi/13.3.1/thumb/v7e-m/nofp\libg.a(libc_a-puts.o)
 .debug_frame   0x0000049c       0x8c C:/PROGRA~2/ARMGNU~1/133167~1.3RE/bin/../lib/gcc/arm-none-eabi/13.3.1/thumb/v7e-m/nofp\libg.a(libc_a-stdio.o)
 .debug_frame   0x00000528       0x2c C:/PROGRA~2/ARMGNU~1/133167~1.3RE/bin/../lib/gcc/arm-none-eabi/13.3.1/thumb/v7e-m/nofp\libg.a(libc_a-memset.o)
 .debug_frame   0x00000554       0x2c C:/PROGRA~2/ARMGNU~1/133167~1.3RE/bin/../lib/gcc/arm-none-eabi/13.3.1/thumb/v7e-m/nofp\libg.a(libc_a-closer.o)
 .debug_frame   0x00000580       0x3c C:/PROGRA~2/ARMGNU~1/133167~1.3RE/bin/../lib/gcc/arm-none-eabi/13.3.1/thumb/v7e-m/nofp\libg.a(libc_a-reent.o)
 .debug_frame   0x000005bc       0x2c C:/PROGRA~2/ARMGNU~1/133167~1.3RE/bin/../lib/gcc/arm-none-eabi/13.3.1/thumb/v7e-m/nofp\libg.a(libc_a-lseekr.o)
 .debug_frame   0x000005e8       0x2c C:/PROGRA~2/ARMGNU~1/133167~1.3RE/bin/../lib/gcc/arm-none-eabi/13.3.1/thumb/v7e-m/nofp\libg.a(libc_a-readr.o)
 .debug_frame   0x00000614       0x2c C:/PROGRA~2/ARMGNU~1/133167~1.3RE/bin/../lib/gcc/arm-none-eabi/13.3.1/thumb/v7e-m/nofp\libg.a(libc_a-writer.o)
 .debug_frame   0x00000640       0x2c C:/PROGRA~2/ARMGNU~1/133167~1.3RE/bin/../lib/gcc/arm-none-eabi/13.3.1/thumb/v7e-m/nofp\libg.a(libc_a-init.o)
 .debug_frame   0x0000066c       0xb0 C:/PROGRA~2/ARMGNU~1/133167~1.3RE/bin/../lib/gcc/arm-none-eabi/13.3.1/thumb/v7e-m/nofp\libg.a(libc_a-lock.o)
 .debug_frame   0x0000071c       0x5c C:/PROGRA~2/ARMGNU~1/133167~1.3RE/bin/../lib/gcc/arm-none-eabi/13.3.1/thumb/v7e-m/nofp\libg.a(libc_a-__call_atexit.o)
 .debug_frame   0x00000778       0x20 C:/PROGRA~2/ARMGNU~1/133167~1.3RE/bin/../lib/gcc/arm-none-eabi/13.3.1/thumb/v7e-m/nofp\libg.a(libc_a-atexit.o)
 .debug_frame   0x00000798       0x78 C:/PROGRA~2/ARMGNU~1/133167~1.3RE/bin/../lib/gcc/arm-none-eabi/13.3.1/thumb/v7e-m/nofp\libg.a(libc_a-freer.o)
 .debug_frame   0x00000810       0x48 C:/PROGRA~2/ARMGNU~1/133167~1.3RE/bin/../lib/gcc/arm-none-eabi/13.3.1/thumb/v7e-m/nofp\libg.a(libc_a-mallocr.o)
 .debug_frame   0x00000858       0x30 C:/PROGRA~2/ARMGNU~1/133167~1.3RE/bin/../lib/gcc/arm-none-eabi/13.3.1/thumb/v7e-m/nofp\libg.a(libc_a-mlock.o)
 .debug_frame   0x00000888       0x3c C:/PROGRA~2/ARMGNU~1/133167~1.3RE/bin/../lib/gcc/arm-none-eabi/13.3.1/thumb/v7e-m/nofp\libg.a(libc_a-fclose.o)
 .debug_frame   0x000008c4       0x70 C:/PROGRA~2/ARMGNU~1/133167~1.3RE/bin/../lib/gcc/arm-none-eabi/13.3.1/thumb/v7e-m/nofp\libg.a(libc_a-fflush.o)
 .debug_frame   0x00000934       0x64 C:/PROGRA~2/ARMGNU~1/133167~1.3RE/bin/../lib/gcc/arm-none-eabi/13.3.1/thumb/v7e-m/nofp\libg.a(libc_a-fvwrite.o)
 .debug_frame   0x00000998       0x2c C:/PROGRA~2/ARMGNU~1/133167~1.3RE/bin/../lib/gcc/arm-none-eabi/13.3.1/thumb/v7e-m/nofp\libg.a(libc_a-wsetup.o)
 .debug_frame   0x000009c4       0x40 C:/PROGRA~2/ARMGNU~1/133167~1.3RE/bin/../lib/gcc/arm-none-eabi/13.3.1/thumb/v7e-m/nofp\libg.a(libc_a-memmove.o)
 .debug_frame   0x00000a04       0x2c C:/PROGRA~2/ARMGNU~1/133167~1.3RE/bin/../lib/gcc/arm-none-eabi/13.3.1/thumb/v7e-m/nofp\libg.a(libc_a-sbrkr.o)
 .debug_frame   0x00000a30       0x34 C:/PROGRA~2/ARMGNU~1/133167~1.3RE/bin/../lib/gcc/arm-none-eabi/13.3.1/thumb/v7e-m/nofp\libg.a(libc_a-fini.o)
 .debug_frame   0x00000a64       0x28 C:/PROGRA~2/ARMGNU~1/133167~1.3RE/bin/../lib/gcc/arm-none-eabi/13.3.1/thumb/v7e-m/nofp\libg.a(libc_a-sysconf.o)
 .debug_frame   0x00000a8c       0x34 C:/PROGRA~2/ARMGNU~1/133167~1.3RE/bin/../lib/gcc/arm-none-eabi/13.3.1/thumb/v7e-m/nofp\libg.a(libc_a-__atexit.o)
 .debug_frame   0x00000ac0       0x48 C:/PROGRA~2/ARMGNU~1/133167~1.3RE/bin/../lib/gcc/arm-none-eabi/13.3.1/thumb/v7e-m/nofp\libg.a(libc_a-reallocr.o)
 .debug_frame   0x00000b08       0x70 C:/PROGRA~2/ARMGNU~1/133167~1.3RE/bin/../lib/gcc/arm-none-eabi/13.3.1/thumb/v7e-m/nofp\libg.a(libc_a-makebuf.o)
 .debug_frame   0x00000b78       0x2c C:/PROGRA~2/ARMGNU~1/133167~1.3RE/bin/../lib/gcc/arm-none-eabi/13.3.1/thumb/v7e-m/nofp\libg.a(libc_a-fstatr.o)
 .debug_frame   0x00000ba4       0x2c C:/PROGRA~2/ARMGNU~1/133167~1.3RE/bin/../lib/gcc/arm-none-eabi/13.3.1/thumb/v7e-m/nofp\libg.a(libc_a-isattyr.o)
 .debug_frame   0x00000bd0       0x20 C:/PROGRA~2/ARMGNU~1/133167~1.3RE/bin/../lib/gcc/arm-none-eabi/13.3.1/thumb/v7e-m/nofp\libg.a(libc_a-errno.o)
 .debug_frame   0x00000bf0       0x20 C:/PROGRA~2/ARMGNU~1/133167~1.3RE/bin/../lib/gcc/arm-none-eabi/13.3.1/thumb/v7e-m/nofp\libnosys.a(close.o)
 .debug_frame   0x00000c10       0x20 C:/PROGRA~2/ARMGNU~1/133167~1.3RE/bin/../lib/gcc/arm-none-eabi/13.3.1/thumb/v7e-m/nofp\libnosys.a(fstat.o)
 .debug_frame   0x00000c30       0x20 C:/PROGRA~2/ARMGNU~1/133167~1.3RE/bin/../lib/gcc/arm-none-eabi/13.3.1/thumb/v7e-m/nofp\libnosys.a(isatty.o)
 .debug_frame   0x00000c50       0x20 C:/PROGRA~2/ARMGNU~1/133167~1.3RE/bin/../lib/gcc/arm-none-eabi/13.3.1/thumb/v7e-m/nofp\libnosys.a(lseek.o)
 .debug_frame   0x00000c70       0x20 C:/PROGRA~2/ARMGNU~1/133167~1.3RE/bin/../lib/gcc/arm-none-eabi/13.3.1/thumb/v7e-m/nofp\libnosys.a(read.o)
 .debug_frame   0x00000c90       0x20 C:/PROGRA~2/ARMGNU~1/133167~1.3RE/bin/../lib/gcc/arm-none-eabi/13.3.1/thumb/v7e-m/nofp\libnosys.a(sbrk.o)
 .debug_frame   0x00000cb0       0x20 C:/PROGRA~2/ARMGNU~1/133167~1.3RE/bin/../lib/gcc/arm-none-eabi/13.3.1/thumb/v7e-m/nofp\libnosys.a(write.o)

.debug_loclists
                0x00000000      0x504
 .debug_loclists
                0x00000000       0x5d CORE\libCORE_LIB.a(stratup.c.obj)
 .debug_loclists
                0x0000005d       0xfa CORE\libCORE_LIB.a(system_stm32f4xx.c.obj)
 .debug_loclists
                0x00000157      0x1f6 BSP\libBSP_LIB.a(usart.c.obj)
 .debug_loclists
                0x0000034d      0x1b7 BSP\libBSP_LIB.a(gpio.c.obj)

.debug_line_str
                0x00000000      0x1c3
 .debug_line_str
                0x00000000      0x1c3 C:/PROGRA~2/ARMGNU~1/133167~1.3RE/bin/../lib/gcc/arm-none-eabi/13.3.1/thumb/v7e-m/nofp\libgcc.a(_arm_addsubsf3.o)
                                 0xcb (size before relaxing)
 .debug_line_str
                0x000001c3       0xcb C:/PROGRA~2/ARMGNU~1/133167~1.3RE/bin/../lib/gcc/arm-none-eabi/13.3.1/thumb/v7e-m/nofp\libgcc.a(_arm_muldivsf3.o)
 .debug_line_str
                0x000001c3       0xcb C:/PROGRA~2/ARMGNU~1/133167~1.3RE/bin/../lib/gcc/arm-none-eabi/13.3.1/thumb/v7e-m/nofp\libgcc.a(_arm_fixunssfsi.o)
 .debug_line_str
                0x000001c3       0xdf C:/PROGRA~2/ARMGNU~1/133167~1.3RE/bin/../lib/gcc/arm-none-eabi/13.3.1/thumb/v7e-m/nofp\libg.a(libc_a-strlen.o)
 .debug_line_str
                0x000001c3       0xd9 C:/PROGRA~2/ARMGNU~1/133167~1.3RE/bin/../lib/gcc/arm-none-eabi/13.3.1/thumb/v7e-m/nofp\libg.a(libc_a-memchr.o)
 .debug_line_str
                0x000001c3       0xe0 C:/PROGRA~2/ARMGNU~1/133167~1.3RE/bin/../lib/gcc/arm-none-eabi/13.3.1/thumb/v7e-m/nofp\libg.a(libc_a-memcpy.o)
